// Jest Snapshot v1, https://goo.gl/fbAQLP

exports[`render renders correctly 1`] = `
<styled.h1>
  hola
</styled.h1>
`;
