// Jest Snapshot v1, https://goo.gl/fbAQLP

exports[`StyledHeaderH1 renders correctly 1`] = `
.c0 {
  text-align: center;
  margin-top: 1rem;
  margin-bottom: 3rem;
}

<h1
  className="c0"
/>
`;
