// Jest Snapshot v1, https://goo.gl/fbAQLP

exports[`render renders correctly 1`] = `
<styled.div>
  <span>
    Total News: 
    1
  </span>
</styled.div>
`;
