// Jest Snapshot v1, https://goo.gl/fbAQLP

exports[`StyledNewsComponent renders correctly 1`] = `
.c0 {
  -webkit-box-flex: 1;
  -webkit-flex-grow: 1;
  -ms-flex-positive: 1;
  flex-grow: 1;
  display: -webkit-box;
  display: -webkit-flex;
  display: -ms-flexbox;
  display: flex;
  -webkit-flex-direction: column;
  -ms-flex-direction: column;
  flex-direction: column;
}

<div
  className="c0"
/>
`;
