// Jest Snapshot v1, https://goo.gl/fbAQLP

exports[`MainContainer renders correctly 1`] = `
<ErrorBoundary>
  <MainComponent
    authorized={true}
  />
</ErrorBoundary>
`;
