// Jest Snapshot v1, https://goo.gl/fbAQLP

exports[`ErrorBoundary component renders properly when there is an error 1`] = `
<h1>
  Something went wrong.
</h1>
`;

exports[`ErrorBoundary component renders properly when there is no error 1`] = `"someText"`;
