// Jest Snapshot v1, https://goo.gl/fbAQLP

exports[`render renders correctly 1`] = `
<ProfileComponent
  city="London"
  fetching={true}
  isError={true}
  loginError="error"
  serverError="error"
/>
`;
