// Jest Snapshot v1, https://goo.gl/fbAQLP

exports[`render renders correctly 1`] = `
<styled.h5>
  London
</styled.h5>
`;
