// Jest Snapshot v1, https://goo.gl/fbAQLP

exports[`render renders correctly 1`] = `
<StyledButton>
  <Button
    color="dark"
    disabled={false}
    outline={true}
    tag="button"
    type="submit"
  >
    Log In
  </Button>
</StyledButton>
`;
