// Jest Snapshot v1, https://goo.gl/fbAQLP

exports[`render renders correctly 1`] = `
<Component
  centerPage={true}
  color="danger"
  textError="Page not found"
/>
`;
